Processing ttgo-lora32 (platform: https://github.com/tasmota/platform-espressif32/releases/download/2024.12.30/platform-espressif32.zip; board: ttgo-lora32-v21; framework: arduino)
--------------------------------------------------------------------------------
Verbose mode can be enabled via `-v, --verbose` option
CONFIGURATION: https://docs.platformio.org/page/boards/espressif32/ttgo-lora32-v21.html
PLATFORM: Espressif 32 (2024.12.30) > TTGO LoRa32-OLED v2.1.6
HARDWARE: ESP32 240MHz, 320KB RAM, 4MB Flash
DEBUG: Current (cmsis-dap) External (cmsis-dap, esp-bridge, esp-prog, iot-bus-jtag, jlink, minimodule, olimex-arm-usb-ocd, olimex-arm-usb-ocd-h, olimex-arm-usb-tiny-h, olimex-jtag-tiny, tumpa)
PACKAGES:
 - framework-arduinoespressif32 @ 3.1.0+sha.35321e8b
 - tool-esptoolpy @ 4.8.4
 - tool-mklittlefs @ 3.2.0
 - tool-riscv32-esp-elf-gdb @ 14.2.0+20240403
 - tool-xtensa-esp-elf-gdb @ 14.2.0+20240403
 - toolchain-xtensa-esp-elf @ 13.2.0+20240530
Converting RX_FSK.ino
LDF: Library Dependency Finder -> https://bit.ly/configure-pio-ldf
LDF Modes: Finder ~ chain, Compatibility ~ soft
Found 32 compatible libraries
Scanning dependencies...
Dependency Graph
|-- U8g2 @ 2.36.14
|-- MicroNMEA @ 2.0.6
|-- AsyncTCP @ 3.3.2+sha.ef448a8
|-- ESP Async WebServer @ 1.2.4+sha.2645dcc
|-- GFX Library for Arduino @ 1.6.2+sha.1be0153
|-- AsyncMqttClient @ 0.9.0+sha.3d93fc7
|-- ESPmDNS @ 3.1.0
|-- LittleFS @ 3.1.0
|-- SPI @ 3.1.0
|-- Ticker @ 3.1.0
|-- Update @ 3.1.0
|-- WiFi @ 3.1.0
|-- Wire @ 3.1.0
|-- FS @ 3.1.0
|-- SD @ 3.1.0
Building in release mode
Current CLI targets []
Current Build targets [<SCons.Node.Alias.Alias object at 0x7fa2e193f950>, <SCons.Node.Alias.Alias object at 0x7fa2e193fad0>]
PROGPATH is $PROGPATH
Compiling .pio/build/ttgo-lora32/src/RX_FSK.ino.cpp.o
Linking .pio/build/ttgo-lora32/firmware.elf
Building /app/.pio/build/ttgo-lora32/fonts.bin
Building /app/.pio/build/ttgo-lora32/fonts.bin
Retrieving maximum program size .pio/build/ttgo-lora32/firmware.elf
Checking size .pio/build/ttgo-lora32/firmware.elf
Advanced Memory Usage is available via "PlatformIO Home > Project Inspect"
RAM:   [===       ]  33.5% (used 109912 bytes from 327680 bytes)
Flash: [========  ]  75.8% (used 993052 bytes from 1310720 bytes)
Building .pio/build/ttgo-lora32/firmware.bin
esptool.py v4.8.4
Creating esp32 image...
Merged 2 ELF sections
Successfully created esp32 image.
========================= [SUCCESS] Took 33.37 seconds =========================
